============================================================
🦉 [LinkedOut] Node 'Carol'
🔑 My public key（分享給朋友，加入對方 agent list）:
   67ac300723dee305e160567fd0410cf4a46f46abaabfe243b3a839f15edcbc13
🤝 信任白名單（1 人，來自 /Users/fl/Documents/大三/CNL/cnl-final/scenario/E_dinner/run/carol/agents.json）: ['Bob(07f75178…)']
============================================================
🌐 [Mode] Relay 模式（Server: 127.0.0.1:9710）
🔗 [Relay] Connecting to 127.0.0.1:9710 ...
✅ [Relay] Registered as 67ac300723dee305…
   👥 Online: ['6354de1be1970481…', '12d3a0caf2a6ff87…', '67ac300723dee305…']
📥 [Relay] From: 07f751786f32817b… | Type: REQUEST
   🔓 [Decrypted] from 07f751786f32817b… ✔ 寄件者已驗證
   📂 [Request] id=c934d86c op=capability tier=task topic=我下週要揪 Alice、Carol、Dave 三個朋友一起吃飯。請幫我建議一家大
   🔍 [Capability] topic='我下週要揪 Alice、Carol、Dave 三個朋友一起吃飯。請幫我建議一家大家都會滿意、不會踩到任何人地雷的餐廳。請' tier=task ctx_chunks=1
   ↩️  [Response] id=c934d86c ok=True (capability: relevant=True, topics=['餐廳選擇', '飲食限制', '減肥'])
📤 [Relay] Sent to 07f751786f32817b…（🔒 已加密，relay 無法解讀）
📥 [Relay] From: 07f751786f32817b… | Type: REQUEST
   🔓 [Decrypted] from 07f751786f32817b… ✔ 寄件者已驗證
   📂 [Request] id=d157c1f5 op=ask tier=task [remote] 您能夠幫助我找一家適合三個朋友的餐廳，考慮到每個人不同的飲食限制和偏好嗎？…
   🧠 [Ask/remote] '您能夠幫助我找一家適合三個朋友的餐廳，考慮到每個人不同的飲食限制和偏好嗎？'… tier=task ctx_chunks=1 model=auto
   ↩️  [Response] id=d157c1f5 ok=True (AI 回應)
📤 [Relay] Sent to 07f751786f32817b…（🔒 已加密，relay 無法解讀）
