============================================================
🦉 [LinkedOut] Node 'Dave'
🔑 My public key（分享給朋友，加入對方 agent list）:
   6354de1be197048141f3d1cdc36a0e011cbcf4ea5c60a1f2e4094b7d159e622b
🤝 信任白名單（1 人，來自 /Users/fl/Documents/大三/CNL/cnl-final/scenario/E_dinner/run/dave/agents.json）: ['Bob(07f75178…)']
============================================================
🌐 [Mode] Relay 模式（Server: 127.0.0.1:9710）
🔗 [Relay] Connecting to 127.0.0.1:9710 ...
✅ [Relay] Registered as 6354de1be1970481…
   👥 Online: ['6354de1be1970481…']
📥 [Relay] From: 07f751786f32817b… | Type: REQUEST
   🔓 [Decrypted] from 07f751786f32817b… ✔ 寄件者已驗證
   📂 [Request] id=eb42bfa6 op=capability tier=personal topic=我下週要揪 Alice、Carol、Dave 三個朋友一起吃飯。請幫我建議一家大
   🔍 [Capability] topic='我下週要揪 Alice、Carol、Dave 三個朋友一起吃飯。請幫我建議一家大家都會滿意、不會踩到任何人地雷的餐廳。請' tier=personal ctx_chunks=1
   ↩️  [Response] id=eb42bfa6 ok=True (capability: relevant=True, topics=['海鮮', '飲食限制', '過敏'])
📤 [Relay] Sent to 07f751786f32817b…（🔒 已加密，relay 無法解讀）
📥 [Relay] From: 07f751786f32817b… | Type: REQUEST
   🔓 [Decrypted] from 07f751786f32817b… ✔ 寄件者已驗證
   📂 [Request] id=1fe28c11 op=ask tier=personal [remote] 您有任何飲食限制或過敏嗎？…
   🧠 [Ask/remote] '您有任何飲食限制或過敏嗎？'… tier=personal ctx_chunks=1 model=auto
   ↩️  [Response] id=1fe28c11 ok=True (AI 回應)
📤 [Relay] Sent to 07f751786f32817b…（🔒 已加密，relay 無法解讀）
